---
source: crates/tych/src/tests.rs
assertion_line: 291
expression: "(test[1], res)"
---
- "\nfn foo() {\n    let x: int8 = 1\n    let y: int16 = 2\n    if x < y {\n        1\n    }\n}\n"
- Err: "mismatched types in binop: `int8` != `int16`"

