---
source: crates/tych/src/tests.rs
assertion_line: 809
expression: "(test[1], res)"
---
- "let x: blah"
- Err: "Unknown type in let declaration: `blah`"

