---
source: crates/parser/src/tests.rs
assertion_line: 106
expression: "(test[0], ast, ast_string)"
---
- for
- Err:
    message: Expecting identifier after for. Got EOF
    line: 0
    column: 0
- "Parsing error: Expecting identifier after for. Got EOF"

