---
source: crates/parser/src/tests.rs
assertion_line: 169
expression: "(test[1], ast, ast_string)"
---
- a + b > 40
- Ok:
    nodes:
      - node:
          BinOp:
            op: Gt
            lhs:
              node:
                BinOp:
                  op: Add
                  lhs:
                    node:
                      Ident:
                        name: a
                  rhs:
                    node:
                      Ident:
                        name: b
            rhs:
              node:
                Lit:
                  value:
                    UInt64: 40
- (> (+ a b) 40)

