---
source: crates/parser/src/tests.rs
assertion_line: 272
expression: "(test[1], ast, ast_string)"
---
- "-(-21)"
- Ok:
    nodes:
      - node:
          UnOp:
            op: Sub
            rhs:
              node:
                UnOp:
                  op: Sub
                  rhs:
                    node:
                      Lit:
                        value:
                          UInt64: 21
- (- (- 21))

