---
source: tests/lexer.rs
assertion_line: 11
expression: "Lexer::new(&input).collect::<Result<Vec<_>, _>>()"
input_file: tests/inputs/ops.input

---
Ok:
  - OpenParen
  - Ident: x
  - Op: Plus
  - Ident: y
  - CloseParen
  - Op: Mult
  - Int: 4
  - Op: Div
  - Int: 4

