---
source: tests/parser.rs
assertion_line: 36
expression: asts
input_file: tests/inputs/parser/for.input

---
- - Ok:
      - Expr:
          For:
            var_name: x
            start:
              Num:
                value: 1
            cond:
              BinOp:
                sym: Lt
                lhs:
                  Var:
                    name: x
                rhs:
                  Num:
                    value: 10
            step:
              Num:
                value: 1
            body:
              - Var:
                  name: foo
  - (for (let x 1) (< x 10) 1 foo)
- - Err: "Expecting 'let' after for"
  - "Expecting 'let' after for"
- - Err: Expecting identifier after let
  - Expecting identifier after let
- - Err: "Expecting '=' after identifer"
  - "Expecting '=' after identifer"
- - Err: Invalid expression
  - Invalid expression
- - Err: "Expecting ';' after start"
  - "Expecting ';' after start"

