---
source: crates/codegen/src/tests.rs
assertion_line: 587
expression: "(test[1], res, res_opt)"
---
- "\nfn main() {\n    let i: int = 0\n    loop {\n        if i == 0 {\n            break\n        } else {\n            break\n        }\n        i += 1\n        if i == 1 {\n            2\n        } else {\n            3\n        }\n        i += 1\n    }\n    i += 1\n}\n"
- "; ModuleID = 'main'\nsource_filename = \"main\"\n\ndefine void @main() {\nentry:\n  %i = alloca i32, align 4\n  store i32 0, i32* %i, align 4\n  br label %loop.body\n\nloop.body:                                        ; preds = %if.merge8, %entry\n  %i1 = load i32, i32* %i, align 4\n  %eq.int = icmp eq i32 %i1, 0\n  %if.cond.int = icmp ne i1 %eq.int, false\n  br i1 %if.cond.int, label %if.then, label %if.else\n\nloop.post:                                        ; preds = %if.else, %if.then\n  %i13 = load i32, i32* %i, align 4\n  %i14 = load i32, i32* %i, align 4\n  %add.int15 = add i32 %i14, 1\n  store i32 %add.int15, i32* %i, align 4\n  ret void\n\nif.then:                                          ; preds = %loop.body\n  br label %loop.post\n\nif.merge:                                         ; No predecessors!\n  %i2 = load i32, i32* %i, align 4\n  %i3 = load i32, i32* %i, align 4\n  %add.int = add i32 %i3, 1\n  store i32 %add.int, i32* %i, align 4\n  %i4 = load i32, i32* %i, align 4\n  %eq.int5 = icmp eq i32 %i4, 1\n  %if.cond.int6 = icmp ne i1 %eq.int5, false\n  br i1 %if.cond.int6, label %if.then7, label %if.else9\n\nif.else:                                          ; preds = %loop.body\n  br label %loop.post\n\nif.then7:                                         ; preds = %if.merge\n  br label %if.merge8\n\nif.merge8:                                        ; preds = %if.else9, %if.then7\n  %if.else.phi.int32 = phi i32 [ 2, %if.then7 ], [ 3, %if.else9 ]\n  %i10 = load i32, i32* %i, align 4\n  %i11 = load i32, i32* %i, align 4\n  %add.int12 = add i32 %i11, 1\n  store i32 %add.int12, i32* %i, align 4\n  br label %loop.body\n\nif.else9:                                         ; preds = %if.merge\n  br label %if.merge8\n}\n"
- "; ModuleID = 'main'\nsource_filename = \"main\"\n\ndefine void @main() {\nentry:\n  ret void\n}\n"

