---
source: crates/parse/src/tests.rs
assertion_line: 293
expression: "(test[1], ast, ast_string)"
---
- "let x: [int; 3] = []"
- Ok:
    nodes:
      - kind:
          Let:
            name: x
            antn:
              SArray:
                - Int32
                - 3
            init:
              kind:
                Lit:
                  value:
                    Array:
                      elements: []
                      inner_ty: ~
                  ty: ~
- "(let x:sarray(int32, 3) [])"

