---
source: src/codegen/mod.rs
assertion_line: 746
expression: ir
input_file: src/codegen/tests/inputs/let.input
---
- "define void @main() {\nentry:\n  ret void\n}\n"
- "define void @main() {\nentry:\n  ret void\n}\n"

